
  .   ____          _            __ _ _
 /\\ / ___'_ __ _ _(_)_ __  __ _ \ \ \ \
( ( )\___ | '_ | '_| | '_ \/ _` | \ \ \ \
 \\/  ___)| |_)| | | | | || (_| |  ) ) ) )
  '  |____| .__|_| |_|_| |_\__, | / / / /
 =========|_|==============|___/=/_/_/_/

 :: Spring Boot ::                (v3.3.4)

2026-09-09T12:36:06.629+08:00  INFO 1484 --- [           main] com.xja.ncut.monitor.Application         : Starting Application v1.0-SNAPSHOT using Java 17.0.12 with PID 1484 (C:\Users\admin\Desktop\新建文件夹\shixunxiangmu\monitor_system\target\security-monitor-1.0.0.jar started by admin in C:\Users\admin\Desktop\新建文件夹\shixunxiangmu\monitor_system\target)
2026-09-09T12:36:06.632+08:00  INFO 1484 --- [           main] com.xja.ncut.monitor.Application         : No active profile set, falling back to 1 default profile: "default"
2026-09-09T12:36:08.449+08:00  INFO 1484 --- [           main] o.s.b.w.embedded.tomcat.TomcatWebServer  : Tomcat initialized with port 52434 (http)
2026-09-09T12:36:08.469+08:00  INFO 1484 --- [           main] o.apache.catalina.core.StandardService   : Starting service [Tomcat]
2026-09-09T12:36:08.469+08:00  INFO 1484 --- [           main] o.apache.catalina.core.StandardEngine    : Starting Servlet engine: [Apache Tomcat/10.1.30]
2026-09-09T12:36:08.525+08:00  INFO 1484 --- [           main] o.a.c.c.C.[Tomcat].[localhost].[/]       : Initializing Spring embedded WebApplicationContext
2026-09-09T12:36:08.527+08:00  INFO 1484 --- [           main] w.s.c.ServletWebServerApplicationContext : Root WebApplicationContext: initialization completed in 1818 ms
Logging initialized using 'class org.apache.ibatis.logging.stdout.StdOutImpl' adapter.
Get /192.168.33.86 network interface 
Get network interface info: name:eth2 (Intel(R) Ethernet Connection (7) I219-V)
Initialization Sequence datacenterId:1 workerId:16
 _ _   |_  _ _|_. ___ _ |    _ 
| | |\/|_)(_| | |_\  |_)||_|_\ 
     /               |         
                        3.5.7 
2026-09-09T12:36:09.484+08:00  INFO 1484 --- [           main] o.s.b.a.w.s.WelcomePageHandlerMapping    : Adding welcome page: class path resource [static/index.html]
2026-09-09T12:36:09.963+08:00  WARN 1484 --- [           main] ConfigServletWebServerApplicationContext : Exception encountered during context initialization - cancelling refresh attempt: org.springframework.context.ApplicationContextException: Failed to start bean 'webServerStartStop'
2026-09-09T12:36:09.986+08:00  INFO 1484 --- [           main] .s.b.a.l.ConditionEvaluationReportLogger : 

Error starting ApplicationContext. To display the condition evaluation report re-run your application with 'debug' enabled.
2026-09-09T12:36:10.008+08:00 ERROR 1484 --- [           main] o.s.b.d.LoggingFailureAnalysisReporter   : 

***************************
APPLICATION FAILED TO START
***************************

Description:

Web server failed to start. Port 52434 was already in use.

Action:

Identify and stop the process that's listening on port 52434 or configure this application to listen on another port.

